This is pdfTeX, Version 3.141592653-2.6-1.40.25 (TeX Live 2023/Debian) (preloaded format=pdflatex 2026.5.19)  19 MAY 2026 10:46
entering extended mode
 restricted \write18 enabled.
 %&-line parsing enabled.
**03_Practica_Evaluacion_NoSQL.tex
(./03_Practica_Evaluacion_NoSQL.tex
LaTeX2e <2023-11-01> patch level 1
L3 programming layer <2024-01-22>
(/usr/share/texlive/texmf-dist/tex/latex/base/article.cls
Document Class: article 2023/05/17 v1.4n Standard LaTeX document class
(/usr/share/texlive/texmf-dist/tex/latex/base/size12.clo
File: size12.clo 2023/05/17 v1.4n Standard LaTeX file (size option)
)
\c@part=\count187
\c@section=\count188
\c@subsection=\count189
\c@subsubsection=\count190
\c@paragraph=\count191
\c@subparagraph=\count192
\c@figure=\count193
\c@table=\count194
\abovecaptionskip=\skip48
\belowcaptionskip=\skip49
\bibindent=\dimen140
)
(/usr/share/texlive/texmf-dist/tex/latex/base/inputenc.sty
Package: inputenc 2021/02/14 v1.3d Input encoding file
\inpenc@prehook=\toks17
\inpenc@posthook=\toks18
)
(/usr/share/texlive/texmf-dist/tex/latex/base/fontenc.sty
Package: fontenc 2021/04/29 v2.0v Standard LaTeX package
)
(/usr/share/texlive/texmf-dist/tex/latex/geometry/geometry.sty
Package: geometry 2020/01/02 v5.9 Page Geometry

(/usr/share/texlive/texmf-dist/tex/latex/graphics/keyval.sty
Package: keyval 2022/05/29 v1.15 key=value parser (DPC)
\KV@toks@=\toks19
)
(/usr/share/texlive/texmf-dist/tex/generic/iftex/ifvtex.sty
Package: ifvtex 2019/10/25 v1.7 ifvtex legacy package. Use iftex instead.

(/usr/share/texlive/texmf-dist/tex/generic/iftex/iftex.sty
Package: iftex 2022/02/03 v1.0f TeX engine tests
))
\Gm@cnth=\count195
\Gm@cntv=\count196
\c@Gm@tempcnt=\count197
\Gm@bindingoffset=\dimen141
\Gm@wd@mp=\dimen142
\Gm@odd@mp=\dimen143
\Gm@even@mp=\dimen144
\Gm@layoutwidth=\dimen145
\Gm@layoutheight=\dimen146
\Gm@layouthoffset=\dimen147
\Gm@layoutvoffset=\dimen148
\Gm@dimlist=\toks20
)
(/usr/share/texlive/texmf-dist/tex/latex/graphics/color.sty
Package: color 2022/01/06 v1.3d Standard LaTeX Color (DPC)

(/usr/share/texlive/texmf-dist/tex/latex/graphics-cfg/color.cfg
File: color.cfg 2016/01/02 v1.6 sample color configuration
)
Package color Info: Driver file: pdftex.def on input line 149.

(/usr/share/texlive/texmf-dist/tex/latex/graphics-def/pdftex.def
File: pdftex.def 2022/09/22 v1.2b Graphics/color driver for pdftex
)
(/usr/share/texlive/texmf-dist/tex/latex/graphics/mathcolor.ltx))
\mybox=\box51

(/usr/share/texlive/texmf-dist/tex/latex/graphics/graphicx.sty
Package: graphicx 2021/09/16 v1.2d Enhanced LaTeX Graphics (DPC,SPQR)

(/usr/share/texlive/texmf-dist/tex/latex/graphics/graphics.sty
Package: graphics 2022/03/10 v1.4e Standard LaTeX Graphics (DPC,SPQR)

(/usr/share/texlive/texmf-dist/tex/latex/graphics/trig.sty
Package: trig 2021/08/11 v1.11 sin cos tan (DPC)
)
(/usr/share/texlive/texmf-dist/tex/latex/graphics-cfg/graphics.cfg
File: graphics.cfg 2016/06/04 v1.11 sample graphics configuration
)
Package graphics Info: Driver file: pdftex.def on input line 107.
)
\Gin@req@height=\dimen149
\Gin@req@width=\dimen150
)
(/usr/share/texlive/texmf-dist/tex/latex/tools/verbatim.sty
Package: verbatim 2023-11-06 v1.5v LaTeX2e package for verbatim enhancements
\every@verbatim=\toks21
\verbatim@line=\toks22
\verbatim@in@stream=\read2
)
(/usr/share/texlive/texmf-dist/tex/latex/l3backend/l3backend-pdftex.def
File: l3backend-pdftex.def 2024-01-04 L3 backend support: PDF output (pdfTeX)
\l__color_backend_stack_int=\count198
\l__pdf_internal_box=\box52
)
(./03_Practica_Evaluacion_NoSQL.aux)
\openout1 = `03_Practica_Evaluacion_NoSQL.aux'.

LaTeX Font Info:    Checking defaults for OML/cmm/m/it on input line 56.
LaTeX Font Info:    ... okay on input line 56.
LaTeX Font Info:    Checking defaults for OMS/cmsy/m/n on input line 56.
LaTeX Font Info:    ... okay on input line 56.
LaTeX Font Info:    Checking defaults for OT1/cmr/m/n on input line 56.
LaTeX Font Info:    ... okay on input line 56.
LaTeX Font Info:    Checking defaults for T1/cmr/m/n on input line 56.
LaTeX Font Info:    ... okay on input line 56.
LaTeX Font Info:    Checking defaults for TS1/cmr/m/n on input line 56.
LaTeX Font Info:    ... okay on input line 56.
LaTeX Font Info:    Checking defaults for OMX/cmex/m/n on input line 56.
LaTeX Font Info:    ... okay on input line 56.
LaTeX Font Info:    Checking defaults for U/cmr/m/n on input line 56.
LaTeX Font Info:    ... okay on input line 56.

*geometry* driver: auto-detecting
*geometry* detected driver: pdftex
*geometry* verbose mode - [ preamble ] result:
* driver: pdftex
* paper: a4paper
* layout: <same size as paper>
* layoutoffset:(h,v)=(0.0pt,0.0pt)
* modes: 
* h-part:(L,W,R)=(71.13188pt, 455.24411pt, 71.13188pt)
* v-part:(T,H,B)=(71.13188pt, 702.78308pt, 71.13188pt)
* \paperwidth=597.50787pt
* \paperheight=845.04684pt
* \textwidth=455.24411pt
* \textheight=702.78308pt
* \oddsidemargin=-1.1381pt
* \evensidemargin=-1.1381pt
* \topmargin=-38.1381pt
* \headheight=12.0pt
* \headsep=25.0pt
* \topskip=12.0pt
* \footskip=30.0pt
* \marginparwidth=35.0pt
* \marginparsep=10.0pt
* \columnsep=10.0pt
* \skip\footins=10.8pt plus 4.0pt minus 2.0pt
* \hoffset=0.0pt
* \voffset=0.0pt
* \mag=1000
* \@twocolumnfalse
* \@twosidefalse
* \@mparswitchfalse
* \@reversemarginfalse
* (1in=72.27pt=25.4mm, 1cm=28.453pt)

(/usr/share/texlive/texmf-dist/tex/context/base/mkii/supp-pdf.mkii
[Loading MPS to PDF converter (version 2006.09.02).]
\scratchcounter=\count199
\scratchdimen=\dimen151
\scratchbox=\box53
\nofMPsegments=\count266
\nofMParguments=\count267
\everyMPshowfont=\toks23
\MPscratchCnt=\count268
\MPscratchDim=\dimen152
\MPnumerator=\count269
\makeMPintoPDFobject=\count270
\everyMPtoPDFconversion=\toks24
) (/usr/share/texlive/texmf-dist/tex/latex/epstopdf-pkg/epstopdf-base.sty
Package: epstopdf-base 2020-01-24 v2.11 Base part for package epstopdf
Package epstopdf-base Info: Redefining graphics rule for `.eps' on input line 4
85.

(/usr/share/texlive/texmf-dist/tex/latex/latexconfig/epstopdf-sys.cfg
File: epstopdf-sys.cfg 2010/07/13 v1.3 Configuration of (r)epstopdf for TeX Liv
e
))
LaTeX Font Info:    External font `cmex10' loaded for size
(Font)              <14.4> on input line 58.
LaTeX Font Info:    External font `cmex10' loaded for size
(Font)              <7> on input line 58.

Overfull \hbox (14.31282pt too wide) in paragraph at lines 60--60
[]\T1/cmr/bx/n/17.28 Servicio Asig-nado: Se-siones Ac-ti-vas y Caché de Batería

 []


Underfull \hbox (badness 10000) in paragraph at lines 64--65

 []

LaTeX Font Info:    External font `cmex10' loaded for size
(Font)              <12> on input line 72.
LaTeX Font Info:    External font `cmex10' loaded for size
(Font)              <8> on input line 72.
LaTeX Font Info:    External font `cmex10' loaded for size
(Font)              <6> on input line 72.

Overfull \hbox (23.62482pt too wide) in paragraph at lines 72--73
[][][][][][][] 
 []

[1

{/var/lib/texmf/fonts/map/pdftex/updmap/pdftex.map}]
Overfull \hbox (4.17279pt too wide) in paragraph at lines 78--78
[]\T1/cmr/bx/n/14.4 Entregable 1: Jus-ti-fi-ca-cion Ar-qui-tec-ton-ica (CE.a, C
E.b, CE.c) 
 []

LaTeX Font Info:    Trying to load font information for T1+cmtt on input line 9
2.
(/usr/share/texlive/texmf-dist/tex/latex/base/t1cmtt.fd
File: t1cmtt.fd 2023/04/13 v2.5m Standard LaTeX font definitions
) [2]
Underfull \hbox (badness 10000) in paragraph at lines 108--109
[]\T1/cmtt/m/n/12 Genera comandos de Redis para gestionar
 []


Underfull \hbox (badness 10000) in paragraph at lines 108--109
\T1/cmtt/m/n/12 sesiones de viaje activas y bateria de
 []


Underfull \hbox (badness 10000) in paragraph at lines 108--109
\T1/cmtt/m/n/12 vehiculos en la plataforma EcoDrive. Debe
 []


Underfull \hbox (badness 10000) in paragraph at lines 108--109
\T1/cmtt/m/n/12 incluir creacion de sesiones, almacenamiento
 []


Underfull \hbox (badness 10000) in paragraph at lines 108--109
\T1/cmtt/m/n/12 de nivel de bateria y decremento de bateria.
 []


Overfull \hbox (44.80878pt too wide) in paragraph at lines 126--126
[]\T1/cmtt/m/n/12 SET sesion:token:A7X3K9 "usuario:42|vehiculo:PAT-001|inicio:2
025-05-19T08:30:00Z"[] 
 []


Overfull \hbox (50.98227pt too wide) in paragraph at lines 131--131
[]\T1/cmtt/m/n/12 HSET vehiculo:PAT-001:bateria nivel 85 ultima_actualizacion "
2025-05-19T08:30:00Z"[] 
 []


Overfull \hbox (57.15576pt too wide) in paragraph at lines 132--132
[]\T1/cmtt/m/n/12 HSET vehiculo:BIC-002:bateria nivel 100 ultima_actualizacion 
"2025-05-19T08:30:00Z"[] 
 []


Overfull \hbox (50.98227pt too wide) in paragraph at lines 133--133
[]\T1/cmtt/m/n/12 HSET vehiculo:COC-003:bateria nivel 72 ultima_actualizacion "
2025-05-19T08:30:00Z"[] 
 []

[3] [4]

LaTeX Warning: File `capturas/redis_insercion.png' not found on input line 166.



! Package pdftex.def Error: File `capturas/redis_insercion.png' not found: usin
g draft setting.

See the pdftex.def package documentation for explanation.
Type  H <return>  for immediate help.
 ...                                              
                                                  
l.166 ...rcion de sesion y bateria en redis-cli}}}
                                                  
Try typing  <return>  to proceed.
If that doesn't work, type  X <return>  to quit.


Overfull \hbox (45.52719pt too wide) in paragraph at lines 166--166
 [][]  
 []


LaTeX Warning: `h' float specifier changed to `ht'.


LaTeX Warning: File `capturas/redis_consulta.png' not found on input line 175.


! Package pdftex.def Error: File `capturas/redis_consulta.png' not found: using
 draft setting.

See the pdftex.def package documentation for explanation.
Type  H <return>  for immediate help.
 ...                                              
                                                  
l.175 ...a y verificacion de datos en redis-cli}}}
                                                  
Try typing  <return>  to proceed.
If that doesn't work, type  X <return>  to quit.


Overfull \hbox (45.52719pt too wide) in paragraph at lines 175--175
 [][]  
 []


LaTeX Warning: `h' float specifier changed to `ht'.


LaTeX Warning: File `capturas/redis_insight_coleccion.png' not found on input l
ine 186.


! Package pdftex.def Error: File `capturas/redis_insight_coleccion.png' not fou
nd: using draft setting.

See the pdftex.def package documentation for explanation.
Type  H <return>  for immediate help.
 ...                                              
                                                  
l.186 ...ves de Redis visibles en Redis Insight}}}
                                                  
Try typing  <return>  to proceed.
If that doesn't work, type  X <return>  to quit.


Overfull \hbox (45.52719pt too wide) in paragraph at lines 186--186
 [][]  
 []


LaTeX Warning: `h' float specifier changed to `ht'.

[5]
Overfull \hbox (20.47153pt too wide) in paragraph at lines 200--201
[]\T1/cmr/m/n/12 Para Re-dis In-sight: \T1/cmtt/m/n/12 docker run -d --name eco
-redis-insight -p 5540:5540 --link
 []


Overfull \hbox (35.14166pt too wide) in paragraph at lines 203--204
\T1/cmr/m/n/12 bres in-di-ca-dos (\T1/cmtt/m/n/12 redis_insercion.png\T1/cmr/m/
n/12 , \T1/cmtt/m/n/12 redis_consulta.png\T1/cmr/m/n/12 , \T1/cmtt/m/n/12 redis
_insight_coleccion.png\T1/cmr/m/n/12 )
 []

[6] [7] [8] [9] (./03_Practica_Evaluacion_NoSQL.aux)
 ***********
LaTeX2e <2023-11-01> patch level 1
L3 programming layer <2024-01-22>
 ***********
 ) 
Here is how much of TeX's memory you used:
 2373 strings out of 476182
 39651 string characters out of 5795595
 1931975 words of memory out of 5000000
 24372 multiletter control sequences out of 15000+600000
 569916 words of font info for 60 fonts, out of 8000000 for 9000
 14 hyphenation exceptions out of 8191
 57i,10n,65p,515b,326s stack positions out of 10000i,1000n,20000p,200000b,200000s
 </home/alumno/.texlive2023/texmf-var/fonts/pk/ljfour/jknappen/ec/ecti1200.60
0pk> </home/alumno/.texlive2023/texmf-var/fonts/pk/ljfour/jknappen/ec/ecti1000.
600pk> </home/alumno/.texlive2023/texmf-var/fonts/pk/ljfour/jknappen/ec/ectt120
0.600pk> </home/alumno/.texlive2023/texmf-var/fonts/pk/ljfour/jknappen/ec/tcrm1
200.600pk> </home/alumno/.texlive2023/texmf-var/fonts/pk/ljfour/jknappen/ec/ecb
x1440.600pk> </home/alumno/.texlive2023/texmf-var/fonts/pk/ljfour/jknappen/ec/e
cbx1200.600pk> </home/alumno/.texlive2023/texmf-var/fonts/pk/ljfour/jknappen/ec
/ecrm1200.600pk> </home/alumno/.texlive2023/texmf-var/fonts/pk/ljfour/jknappen/
ec/ecbx1728.600pk> </home/alumno/.texlive2023/texmf-var/fonts/pk/ljfour/jknappe
n/ec/ecrm1440.600pk> </home/alumno/.texlive2023/texmf-var/fonts/pk/ljfour/jknap
pen/ec/ecbx2074.600pk>
Output written on 03_Practica_Evaluacion_NoSQL.pdf (9 pages, 125594 bytes).
PDF statistics:
 440 PDF objects out of 1000 (max. 8388607)
 62 compressed objects within 1 object stream
 0 named destinations out of 1000 (max. 500000)
 1 words of extra memory for PDF output out of 10000 (max. 10000000)

